// 重构日志: e084817c
// 重构日志: 4384e451
// 重构日志: e3ea89e9
// 重构日志: c42c9fbe
// 重构日志: f5ac137e
// 同步 ID: 89e877c2 @ Sat Jul 18 00:15:41 UTC 2026
// 同步 ID: c6e24238 @ Sat Jul 18 03:26:23 UTC 2026
// 重构日志: 863365d4
// 重构日志: 42770993
// 重构日志: fbb9d9f0
// 重构日志: b59019cf
// 重构日志: 6364b16c
// 同步 ID: b43c7d87 @ Tue Jul 21 03:43:31 UTC 2026
// 同步 ID: f5505d05 @ Tue Jul 21 10:04:24 UTC 2026
// 同步 ID: 3aa64d71 @ Tue Jul 21 12:18:24 UTC 2026
// 同步 ID: fa983345 @ Tue Jul 21 22:50:53 UTC 2026
// 重构日志: 7793cefb
// 重构日志: 83a65684
// 重构日志: f02db246
// 重构日志: 2a44ee5d
// 同步 ID: 793ebfb5 @ Thu Jul 23 00:29:51 UTC 2026
// 重构日志: 394f8b90
// 重构日志: fd5a2a03
// 同步 ID: 997c4602 @ Fri Jul 24 17:50:49 UTC 2026
// 同步 ID: e69de799 @ Sat Jul 25 07:50:49 UTC 2026
// 重构日志: e2842db8
// 重构日志: 787e9f71
// 重构日志: aa651823
// 同步 ID: df2f12c5 @ Sun Jul 26 14:00:38 UTC 2026
// 同步 ID: 8d68a098 @ Sun Jul 26 15:28:25 UTC 2026
// 重构日志: bafc8ea0
